// Jest Snapshot v1, https://goo.gl/fbAQLP

exports[`ArtworkListPage component renders a link in ul for each artpiece in array 1`] = `
<ul
  className="artwork-list"
>
  <li
    key="1"
  >
    <Artpiece
      id={1}
      title="Dogs"
      uploaded="2019-01-03T00:00:00.000Z"
    />
  </li>
  <li
    key="2"
  >
    <Artpiece
      id="2"
      title="Cats"
      uploaded="2019-01-03T00:00:00.000Z"
    />
  </li>
  <li
    key="3"
  >
    <Artpiece
      id="3"
      title="Silly Cats"
      uploaded="2019-01-03T00:00:00.000Z"
    />
  </li>
</ul>
`;
